CCS PCM C Compiler, Version 5.007, 61971               23-Kas-22 15:31

               Filename:   C:\Users\User\Desktop\Bootcamp Proje\main.lst

               ROM used:   101 words (1%)
                           Largest free fragment is 2048
               RAM used:   7 (2%) at main() level
                           8 (2%) worst case
               Stack used: 0 locations
               Stack size: 8

*
0000:  MOVLW  00
0001:  MOVWF  0A
0002:  GOTO   019
0003:  NOP
.................... #include <16f877.h> 
.................... //////// Standard Header file for the PIC16F877 device //////////////// 
.................... #device PIC16F877 
....................  
.................... #list 
....................  
.................... #use delay(clock=4000000) 
0004:  MOVLW  22
0005:  MOVWF  04
0006:  BCF    03.7
0007:  MOVF   00,W
0008:  BTFSC  03.2
0009:  GOTO   018
000A:  MOVLW  01
000B:  MOVWF  78
000C:  CLRF   77
000D:  DECFSZ 77,F
000E:  GOTO   00D
000F:  DECFSZ 78,F
0010:  GOTO   00C
0011:  MOVLW  4A
0012:  MOVWF  77
0013:  DECFSZ 77,F
0014:  GOTO   013
0015:  GOTO   016
0016:  DECFSZ 00,F
0017:  GOTO   00A
0018:  RETURN
.................... #fuses HS,NOWDT,NOPUT,NOLVP,NOCPD,NOPROTECT,NODEBUG,NOBROWNOUT,NOWRT 
.................... #use fast_io(b)  
....................  
.................... int i=1; 
....................  
....................  
.................... void main() 
0019:  MOVLW  01
001A:  MOVWF  20
001B:  BSF    03.5
001C:  BSF    1F.0
001D:  BSF    1F.1
001E:  BSF    1F.2
001F:  BCF    1F.3
0020:  BCF    03.7
0021:  MOVLW  1F
0022:  ANDWF  03,F
.................... { 
....................  
....................    setup_psp(PSP_DISABLED); 
0023:  BCF    09.4
....................    setup_timer_1(T1_DISABLED); 
0024:  BCF    03.5
0025:  CLRF   10
....................    setup_timer_2(T2_DISABLED,0,1); 
0026:  MOVLW  00
0027:  MOVWF  78
0028:  MOVWF  12
0029:  MOVLW  00
002A:  BSF    03.5
002B:  MOVWF  12
....................    setup_adc_ports(NO_ANALOGS); 
002C:  BSF    1F.0
002D:  BSF    1F.1
002E:  BSF    1F.2
002F:  BCF    1F.3
....................    setup_adc(ADC_OFF); 
0030:  BCF    03.5
0031:  BCF    1F.0
....................    setup_CCP1(CCP_OFF); 
0032:  MOVLW  F0
0033:  ANDWF  17,F
....................    setup_CCP2(CCP_OFF); 
0034:  ANDWF  1D,F
....................  
.................... set_tris_b(0x00); 
0035:  MOVLW  00
0036:  BSF    03.5
0037:  MOVWF  06
.................... output_b(0x00); 
0038:  BCF    03.5
0039:  CLRF   06
....................  
....................  
.................... basla: 
.................... for(i=1; i<=10; i++) 
003A:  MOVLW  01
003B:  MOVWF  20
003C:  MOVF   20,W
003D:  SUBLW  0A
003E:  BTFSS  03.0
003F:  GOTO   063
.................... { 
.................... if(i%2==0) 
0040:  MOVF   20,W
0041:  ANDLW  01
0042:  BTFSS  03.2
0043:  GOTO   04D
.................... { 
.................... output_high(pin_b0); 
0044:  BSF    06.0
.................... output_low(pin_b1); 
0045:  BCF    06.1
.................... delay_ms(500); 
0046:  MOVLW  02
0047:  MOVWF  21
0048:  MOVLW  FA
0049:  MOVWF  22
004A:  CALL   004
004B:  DECFSZ 21,F
004C:  GOTO   048
.................... } 
.................... if(i%2==1) 
004D:  MOVF   20,W
004E:  ANDLW  01
004F:  SUBLW  01
0050:  BTFSS  03.2
0051:  GOTO   05B
.................... { 
.................... output_high(pin_b1); 
0052:  BSF    06.1
.................... output_low(pin_b0); 
0053:  BCF    06.0
.................... delay_ms(500); 
0054:  MOVLW  02
0055:  MOVWF  21
0056:  MOVLW  FA
0057:  MOVWF  22
0058:  CALL   004
0059:  DECFSZ 21,F
005A:  GOTO   056
.................... } 
.................... if(i>10) 
005B:  MOVF   20,W
005C:  SUBLW  0A
005D:  BTFSC  03.0
005E:  GOTO   061
.................... { 
.................... i=1; 
005F:  MOVLW  01
0060:  MOVWF  20
.................... } 
0061:  INCF   20,F
0062:  GOTO   03C
....................  
.................... } 
.................... goto basla; 
0063:  GOTO   03A
.................... } 
0064:  SLEEP

Configuration Fuses:
   Word  1: 3F3A   HS NOWDT NOPUT NOBROWNOUT NOLVP NOCPD NOWRT NODEBUG NOPROTECT
